---
source: src/graph/function.rs
expression: "ValueResult\n{ observations: obs, initial_value: 2.0, path_index: 1, result_value: cost }"
---
observations:
  immediate:
    connected: true
    score: 0.95
    ack_rate: 0.9
  intermediate:
    capacity: 1000
    score: 0.95
initial_value: 2
path_index: 1
result_value: 1.9
