---
source: src/graph/function.rs
expression: "Comparison\n{\n    observations: obs, forward_last_edge_value: fwd_cost,\n    return_last_edge_value: ret_cost,\n}"
---
observations:
  immediate: ~
  intermediate:
    capacity: 1000
    score: 0.95
forward_last_edge_value: 0.95
return_last_edge_value: -1
